<?xml version="1.0" encoding="UTF-8"?>
<testsuites name="jest tests" tests="1" failures="0" errors="0" time="2.388">
  <testsuite name="undefined" errors="0" failures="0" skipped="0" timestamp="2025-05-06T11:15:03" time="1.49" tests="1">
    <testcase classname=" affiche le message de bienvenue" name=" affiche le message de bienvenue" time="0.101">
    </testcase>
  </testsuite>
</testsuites>